✔ action checkpoint permits scoped baseline and refuses alternate destinations (32.4393ms)
✔ temporary grant cannot create an unconfigured power (17.1708ms)
✔ forged human grant and alternate worker execution route are rejected (48.4446ms)
✔ one-use permits are session, action and resource scoped (44.6368ms)
✔ expired permits and replayed request IDs do not execute (44.5053ms)
✔ uncertainty cannot expand action authority (36.5487ms)
✔ tripwire contains alice while legitimate bob and control status continue (75.1083ms)
✔ intervention cancel preserves hold and cannot reopen expired window (46.9968ms)
✔ worker cannot manipulate window deadlines (29.3729ms)
✔ memory starts quarantined and cannot enter learning automatically (26.2659ms)
✔ recognized injection and unknown provenance cannot be approved (43.622ms)
✔ review digest mismatch refuses admission (25.7443ms)
✔ advisory candidates retain provenance; source withdrawal retires dependent candidates (62.3345ms)
✔ rehearsal records misses and legitimate disruption without installing defenses (37.6071ms)
✔ dead-man expiry blocks actions and clears temporary grants (32.7662ms)
✔ forged attestation cannot renew lease; authentic integrity failure revokes (22.4471ms)
✔ recovery requires clean replacement and preserves access hold (89.9168ms)
✔ old health checks cannot release a new incident hold (97.2357ms)
✔ postcondition mismatch holds session and severs execution (35.8623ms)
✔ adapter exception produces outcome-unknown reconciliation and a hold (32.1022ms)
✔ journal failure before intent prevents execution (12.7456ms)
✔ encrypted replay rejects modification and truncated history (37.5886ms)
✔ bounds reject memory flood and keep control status available (689.7405ms)
✔ policy mutation and returned snapshot mutation cannot expand authority (13.1412ms)
✔ dashboard renders untrusted replay data as text and never provides execution controls (23.5932ms)
✔ compromised former worker cannot regain execution after clean recovery (40.82ms)
✔ evidence failure after an effect preserves hold and closes execution (33.3121ms)
✔ effect followed by evidence failure closes authority and reconciles snapshot (56.7758ms)
✔ idle wall-clock expiry runs without worker messages (1992.779ms)
✔ bounded evidence pressure closes authority rather than increasing powers (305.0195ms)
✔ endpoint integration is disabled by default and direct worker commands are rejected (721.1389ms)
✔ endpoint scope is boot-only, protected, unique and never accepts live mode (2.1115ms)
✔ authenticated endpoint alerts cause only a local challenge, not confirmed exfiltration or host isolation (275.5018ms)
✔ forged, unmapped, cross-provider and protected-control endpoint alerts fail closed (272.0506ms)
✔ both simulated vendors isolate only after the existing intervention window and preserve receipts (366.8043ms)
✔ human override cancels endpoint escalation and a denied grant cannot inherit session authority (334.4742ms)
✔ expiry and clean recovery do not isolate or automatically release endpoint devices (346.2134ms)
✔ endpoint audit failure revokes controller authority and does not report successful recovery (84.5048ms)
✔ pending endpoint isolation is abandoned on authority expiry (281.2021ms)
✔ simulated response retries reconcile once and scope cannot mutate after construction (0.7927ms)
✔ noise-hidden-compromise (30014.8254ms)
✔ replay (252.499ms)
✔ spoofed-telemetry-control (242.2062ms)
✔ prompt-injection (225.6081ms)
✔ policy-mutation (255.7383ms)
✔ forged-heartbeat-attestation (265.7202ms)
✔ alert-suppression (236.8313ms)
✔ learning-poisoning (350.4751ms)
✔ alternate-execution-routes (266.5479ms)
✔ intervention-window (317.9301ms)
✔ uncertainty-and-emergency (297.4688ms)
✔ self-containment-escape-recovery (299.3949ms)
✔ journal-tamper (238.6177ms)
✔ attestation-integrity-and-replay (239.8505ms)
✔ evidence-reconciliation (273.9635ms)
✔ malformed-and-oversized-input (243.5717ms)
✔ worker-process-and-continuous-learning (385.034ms)
✔ mitigation-monotonicity (275.0179ms)
✔ session-signal-detection (272.2879ms)
✔ lossless deltas reduce repeated data and periodically checkpoint (308.65ms)
✔ interleaved types, removed keys and special JSON keys reconstruct exactly (10.8154ms)
✔ tampered delta fails MAC verification (9.4983ms)
✔ missing baseline and truncated tail cannot pass integrity checks (14.8145ms)
✔ even authenticated malformed delta references are rejected (6.0695ms)
✔ failed append never advances baseline, sequence or compression counters (7.2981ms)
✔ legacy full records remain readable and bounded type eviction uses full records (390.6347ms)
✔ CVE importer confines URLs, snapshots originals and treats instructions as data (32.9587ms)
✔ mismatched and rejected CVEs cannot silently become active reference entries (8.876ms)
✔ verified delta export excludes raw identities and model-generated labels (12.8724ms)
✔ tampered journal cannot be exported as verified training data (6.9683ms)
✔ reused event IDs cannot ambiguously reuse independent training labels (8.3503ms)
✔ confirmed delta facts enter training once and never leak into evaluation (16.3621ms)
✔ independent labels must be signed, anchored and separate from predictions (2.7882ms)
✔ poisoning detector learns signed campaigns with held-out families and no campaign leakage (187.5578ms)
✔ unsigned or altered dataset cannot train a model; invalid models cannot carry authority (115.046ms)
✔ SENTRY screens with frozen model and retrieves CVEs without changing authority (849.6441ms)
✔ background learning stays bounded, unsigned and separate from live defense (631.7291ms)
✔ advisory buttons require trusted evidence and expire with SENTRY authority (446.3395ms)
✔ a failed containment postcondition alerts the operator and blocks affected local access (73.3807ms)
✔ acknowledgment and clean instance recovery never restore held access or endpoint authority (70.0693ms)
✔ repeated panic creates one alert and protected control is never held (34.0257ms)
✔ an alert write failure cannot keep authority alive or claim external delivery (36.7534ms)
✔ operator alert history is bounded while monotonically counting every raised event (1.765ms)
✔ permutation generation is deterministic, bounded and split-disjoint (44.2612ms)
✔ combination leakage and removed split declarations are rejected (35.6842ms)
✔ same sample cannot be reused across permutation batches or evaluation (18.8165ms)
✔ test changes do not alter fitted weights or the validation-selected threshold (320.2798ms)
✔ current features disclose their sequence blind spot (21.7562ms)
✔ authenticated encryption protects data, context, keys and tampering (14.9346ms)
✔ encrypted journal retains delta reconstruction and rejects truncation and plaintext downgrade (226.1065ms)
✔ emergency receipts are encrypted and authenticated independently (4.0923ms)
✔ transport rejects replay, reflection, cross-session, forged and out-of-order packets (1.1242ms)
✔ user-wrapped artifact keys preserve local recovery without plaintext or bundled keys (428.4854ms)
✔ countermeasure development derives constrained proposals with held-out evaluation (44.7555ms)
✔ countermeasure rules cannot carry code, new powers or target protected control (27.5125ms)
✔ a countermeasure cannot forge trusted signals, expand authority or bypass quarantine (499.8723ms)
✔ multiple processes and threads analyze in parallel but return admission order (196.7635ms)
✔ bounded queues reserve capacity for signal without silently accepting overload (165.9912ms)
✔ analysis process crash fails unfinished work and recovers only bounded compute resources (250.8216ms)
✔ hung analysis has a deadline and cannot pin later admissions indefinitely (304.829ms)
✔ compute configuration cannot silently expand resource bounds (0.7135ms)
✔ heavy concurrent noise preserves signed control, signal, dead-man and observer sequence order (891.5063ms)
✔ parallel queued proposals recheck authority after independent self-containment (165.6475ms)
✔ protected priority lane has separate replay state and cannot expand scope (285.2402ms)
ℹ tests 104
ℹ suites 0
ℹ pass 104
ℹ fail 0
ℹ cancelled 0
ℹ skipped 0
ℹ todo 0
ℹ duration_ms 35116.3405
